[32mActivated conda/uv virtual environment at [36m/venv/main[0m
=== START 2026-09-20T10:41:36Z  commit 0d1a108  gpu NVIDIA GeForce RTX 4090 ===
=== 1. split-mode training ===
data_dir=data/ham10000  images=10015  lesions=7470  images_verified=True
class      train     val    test   total
----------------------------------------
akiec        222      53      52     327
bcc          361      82      71     514
bkl          772     160     167    1099
df            71      24      20     115
mel          773     173     167    1113
nv          4683    1018    1004    6705
vasc          99      22      21     142
----------------------------------------
images      6981    1532    1502   10015
lesions     5229    1120    1121    7470
seed=42  fractions=(0.7, 0.15, 0.15)  grouped_by=lesion_id  fingerprint=4b4cc59260945104
mode=split  device=cuda  epochs≤30  patience=5  lr=0.0001  batch=32
class weights (train partition, inverse frequency):
  akiec  4.492
  bcc    2.763
  bkl    1.292
  df     14.046
  mel    1.290
  nv     0.213
  vasc   10.074
Downloading: "https://download.pytorch.org/models/efficientnet_b0_rwightman-7f5810bc.pth" to /root/.cache/torch/hub/checkpoints/efficientnet_b0_rwightman-7f5810bc.pth
  0%|          | 0.00/20.5M [00:00<?, ?B/s]  2%|▏         | 512k/20.5M [00:00<00:04, 5.17MB/s]  5%|▍         | 1.00M/20.5M [00:00<00:06, 3.26MB/s] 17%|█▋        | 3.50M/20.5M [00:00<00:01, 10.9MB/s] 34%|███▍      | 7.00M/20.5M [00:00<00:00, 19.2MB/s] 52%|█████▏    | 10.6M/20.5M [00:00<00:00, 24.6MB/s] 70%|██████▉   | 14.2M/20.5M [00:00<00:00, 28.5MB/s] 87%|████████▋ | 17.8M/20.5M [00:00<00:00, 30.6MB/s]100%|██████████| 20.5M/20.5M [00:00<00:00, 22.8MB/s]
epoch   1  train_loss 1.4118  val_loss 1.0726  val_macroF1 0.5200  best 0.5200@1  *saved*  15s
epoch   2  train_loss 0.7935  val_loss 0.8950  val_macroF1 0.5929  best 0.5929@2  *saved*  12s
epoch   3  train_loss 0.6026  val_loss 0.8510  val_macroF1 0.6128  best 0.6128@3  *saved*  13s
epoch   4  train_loss 0.5275  val_loss 0.8158  val_macroF1 0.6192  best 0.6192@4  *saved*  12s
epoch   5  train_loss 0.4089  val_loss 0.9328  val_macroF1 0.6346  best 0.6346@5  *saved*  11s
epoch   6  train_loss 0.3609  val_loss 0.8618  val_macroF1 0.6470  best 0.6470@6  *saved*  12s
epoch   7  train_loss 0.3347  val_loss 0.9170  val_macroF1 0.6690  best 0.6690@7  *saved*  14s
epoch   8  train_loss 0.2859  val_loss 1.2357  val_macroF1 0.6571  best 0.6690@7  14s
epoch   9  train_loss 0.2450  val_loss 1.0401  val_macroF1 0.6788  best 0.6788@9  *saved*  13s
epoch  10  train_loss 0.2176  val_loss 1.1772  val_macroF1 0.6639  best 0.6788@9  14s
epoch  11  train_loss 0.2038  val_loss 1.4623  val_macroF1 0.6732  best 0.6788@9  12s
epoch  12  train_loss 0.1771  val_loss 1.2567  val_macroF1 0.6613  best 0.6788@9  13s
epoch  13  train_loss 0.1731  val_loss 1.2750  val_macroF1 0.6773  best 0.6788@9  13s
epoch  14  train_loss 0.1566  val_loss 1.1983  val_macroF1 0.6828  best 0.6828@14  *saved*  12s
epoch  15  train_loss 0.1452  val_loss 1.2932  val_macroF1 0.6919  best 0.6919@15  *saved*  13s
epoch  16  train_loss 0.1606  val_loss 1.2630  val_macroF1 0.6764  best 0.6919@15  14s
epoch  17  train_loss 0.1332  val_loss 1.2568  val_macroF1 0.6648  best 0.6919@15  15s
epoch  18  train_loss 0.1223  val_loss 1.7948  val_macroF1 0.6842  best 0.6919@15  14s
epoch  19  train_loss 0.1147  val_loss 1.3842  val_macroF1 0.6860  best 0.6919@15  13s
epoch  20  train_loss 0.1333  val_loss 1.1644  val_macroF1 0.7227  best 0.7227@20  *saved*  13s
epoch  21  train_loss 0.1166  val_loss 1.2475  val_macroF1 0.7100  best 0.7227@20  14s
epoch  22  train_loss 0.0921  val_loss 1.2179  val_macroF1 0.7273  best 0.7273@22  *saved*  14s
epoch  23  train_loss 0.0842  val_loss 1.4158  val_macroF1 0.7054  best 0.7273@22  13s
epoch  24  train_loss 0.0770  val_loss 1.5698  val_macroF1 0.7130  best 0.7273@22  12s
epoch  25  train_loss 0.1215  val_loss 1.6990  val_macroF1 0.6858  best 0.7273@22  13s
epoch  26  train_loss 0.0746  val_loss 1.5751  val_macroF1 0.7046  best 0.7273@22  14s
epoch  27  train_loss 0.0815  val_loss 1.5624  val_macroF1 0.6992  best 0.7273@22  14s
early stopping: no val macro-F1 improvement for 5 epochs
best val macro-F1 0.7273 at epoch 22 → app/model_best.pth
per-epoch log → app/train_log.csv
=== 2. evaluate on the held-out test partition ===
data_dir=data/ham10000  images=10015  lesions=7470  images_verified=True
class      train     val    test   total
----------------------------------------
akiec        222      53      52     327
bcc          361      82      71     514
bkl          772     160     167    1099
df            71      24      20     115
mel          773     173     167    1113
nv          4683    1018    1004    6705
vasc          99      22      21     142
----------------------------------------
images      6981    1532    1502   10015
lesions     5229    1120    1121    7470
seed=42  fractions=(0.7, 0.15, 0.15)  grouped_by=lesion_id  fingerprint=4b4cc59260945104
checkpoint=app/model_best.pth  epoch=22  val_macro_f1=0.7273  device=cuda
class          precision    recall        f1   support
akiec             0.6441    0.7308    0.6847        52
bcc               0.6067    0.7606    0.6750        71
bkl               0.6987    0.6527    0.6749       167
df                0.3889    0.7000    0.5000        20
mel               0.5647    0.5749    0.5697       167
nv                0.9124    0.8815    0.8967      1004
vasc              0.6818    0.7143    0.6977        21
macro_avg         0.6425    0.7164    0.6712          
weighted_avg      0.8160    0.8063    0.8098          
accuracy            0.8063   (n_test=1502)
akiec sensitivity   0.7308   (tp=38, fn=14)
akiec specificity   0.9855   (tn=1429, fp=21)
wrote app/metrics.csv and app/confusion_matrix.png
=== 3. full-data retrain ===
full mode: 22 epochs taken from app/model_best.pth (val macro-F1 0.7273)
data_dir=data/ham10000  images=10015  (no split: 100 % retrain)
mode=full  device=cuda  epochs=22 (fixed)  lr=0.0001  batch=32  images=10015
class weights (all images, inverse frequency):
  akiec  4.375
  bcc    2.783
  bkl    1.302
  df     12.441
  mel    1.285
  nv     0.213
  vasc   10.075
epoch   1/22  train_loss 1.2896  17s
epoch   2/22  train_loss 0.7231  16s
epoch   3/22  train_loss 0.5670  16s
epoch   4/22  train_loss 0.4766  17s
epoch   5/22  train_loss 0.4050  18s
epoch   6/22  train_loss 0.3628  16s
epoch   7/22  train_loss 0.3233  17s
epoch   8/22  train_loss 0.2748  16s
epoch   9/22  train_loss 0.2636  15s
epoch  10/22  train_loss 0.2273  15s
epoch  11/22  train_loss 0.2063  16s
epoch  12/22  train_loss 0.1859  13s
epoch  13/22  train_loss 0.1861  17s
epoch  14/22  train_loss 0.1643  18s
epoch  15/22  train_loss 0.1371  16s
epoch  16/22  train_loss 0.1306  15s
epoch  17/22  train_loss 0.1195  15s
epoch  18/22  train_loss 0.1478  15s
epoch  19/22  train_loss 0.1281  17s
epoch  20/22  train_loss 0.1157  17s
epoch  21/22  train_loss 0.1142  18s
epoch  22/22  train_loss 0.0992  16s
full-data model (22 epochs, 10015 images) → app/model_final.pth
per-epoch log → app/train_log_full.csv
=== 4. refusal check (evaluate must reject model_final.pth) ===
evaluate.py refused model_final.pth as designed:
RuntimeError: refusing to evaluate app/model_final.pth: trained_on='all'. Only the split-run checkpoint (model_best.pth) may be scored — the full-data demo model (model_final.pth) has seen the test images, so its metrics would be contaminated.
=== 5. artifacts ===
-rw-rw-r-- 1 root root    55394 Sep 20 10:49 app/confusion_matrix.png
-rw-rw-r-- 1 root root     1059 Sep 20 10:49 app/metrics.csv
-rw-rw-r-- 1 root root 16347633 Sep 20 10:46 app/model_best.pth
-rw-rw-r-- 1 root root 16347999 Sep 20 10:55 app/model_final.pth
-rw-rw-r-- 1 root root     1164 Sep 20 10:47 app/train_log.csv
-rw-rw-r-- 1 root root      391 Sep 20 10:55 app/train_log_full.csv
3ed5da786d0996f348f959e9272ff1fb  app/model_best.pth
72a89f4b77eeb2783128c30936e75a7d  app/model_final.pth
a929212903943cc2b1f150b0bf1b4f00  app/metrics.csv
dd261d86a04970898a8689ddf4233859  app/train_log.csv
9a3c32f4b29564f08e85eda4d997b508  app/train_log_full.csv
cf62353d340b5bb04bd6da7c6c20203b  app/confusion_matrix.png
=== DONE 2026-09-20T10:55:14Z ===
